
> web-app@4.1.30 test
> vitest


[1m[44m DEV [49m[22m [34mv4.1.0 [39m[90mC:/SaberPro/web-app[39m

ÔÄ»ÔÄ»ÔÄ»ÔÄ»ÔÄ»ÔÄ» Unhandled Errors ÔÄ»ÔÄ»ÔÄ»ÔÄ»ÔÄ»ÔÄ»

Vitest caught 2 unhandled errors during the test run.
This might cause false positive tests. Resolve unhandled errors to make sure your tests are not affected.

ÔÄ»ÔÄ»ÔÄ»ÔÄ»ÔÄ»ÔÄ» Unhandled Error ÔÄ»ÔÄ»ÔÄ»ÔÄ»ÔÄ»ÔÄ»ÔÄ»
Error: [vitest-pool]: Failed to start forks worker for test files C:/SaberPro/web-app/__tests__/QuizEngine.test.tsx.
 ÔØ» node_modules/vitest/dist/chunks/cli-api.DuT9iuvY.js:3455:94
 ÔØ» processTicksAndRejections node:internal/process/task_queues:95:5
 ÔØ» Pool.schedule node_modules/vitest/dist/chunks/cli-api.DuT9iuvY.js:3455:5

Caused by: Error: require() of ES Module C:\SaberPro\web-app\node_modules\@exodus\bytes\encoding-lite.js from C:\SaberPro\web-app\node_modules\html-encoding-sniffer\lib\html-encoding-sniffer.js not supported.
Instead change the require of encoding-lite.js in C:\SaberPro\web-app\node_modules\html-encoding-sniffer\lib\html-encoding-sniffer.js to a dynamic import() which is available in all CommonJS modules.
 ÔØ» Object.<anonymous> node_modules/html-encoding-sniffer/lib/html-encoding-sniffer.js:2:41

ÔÄ»ÔÄ»ÔÄ»ÔÄ»ÔÄ»ÔÄ»ÔÄ»ÔÄ»ÔÄ»ÔÄ»ÔÄ»ÔÄ»ÔÄ»ÔÄ»ÔÄ»ÔÄ»ÔÄ»ÔÄ»ÔÄ»ÔÄ»ÔÄ»ÔÄ»ÔÄ»ÔÄ»ÔÄ»ÔÄ»ÔÄ»ÔÄ»ÔÄ»ÔÄ»
Serialized Error: { code: 'ERR_REQUIRE_ESM' }

ÔÄ»ÔÄ»ÔÄ»ÔÄ»ÔÄ»ÔÄ» Unhandled Error ÔÄ»ÔÄ»ÔÄ»ÔÄ»ÔÄ»ÔÄ»ÔÄ»
Error: [vitest-pool]: Failed to start forks worker for test files C:/SaberPro/web-app/__tests__/smoke.test.tsx.
 ÔØ» node_modules/vitest/dist/chunks/cli-api.DuT9iuvY.js:3455:94
 ÔØ» processTicksAndRejections node:internal/process/task_queues:95:5
 ÔØ» Pool.schedule node_modules/vitest/dist/chunks/cli-api.DuT9iuvY.js:3455:5

Caused by: Error: require() of ES Module C:\SaberPro\web-app\node_modules\@exodus\bytes\encoding-lite.js from C:\SaberPro\web-app\node_modules\html-encoding-sniffer\lib\html-encoding-sniffer.js not supported.
Instead change the require of encoding-lite.js in C:\SaberPro\web-app\node_modules\html-encoding-sniffer\lib\html-encoding-sniffer.js to a dynamic import() which is available in all CommonJS modules.
 ÔØ» Object.<anonymous> node_modules/html-encoding-sniffer/lib/html-encoding-sniffer.js:2:41

ÔÄ»ÔÄ»ÔÄ»ÔÄ»ÔÄ»ÔÄ»ÔÄ»ÔÄ»ÔÄ»ÔÄ»ÔÄ»ÔÄ»ÔÄ»ÔÄ»ÔÄ»ÔÄ»ÔÄ»ÔÄ»ÔÄ»ÔÄ»ÔÄ»ÔÄ»ÔÄ»ÔÄ»ÔÄ»ÔÄ»ÔÄ»ÔÄ»ÔÄ»ÔÄ»
Serialized Error: { code: 'ERR_REQUIRE_ESM' }
ÔÄ»ÔÄ»ÔÄ»ÔÄ»ÔÄ»ÔÄ»ÔÄ»ÔÄ»ÔÄ»ÔÄ»ÔÄ»ÔÄ»ÔÄ»ÔÄ»ÔÄ»ÔÄ»ÔÄ»ÔÄ»ÔÄ»ÔÄ»ÔÄ»ÔÄ»ÔÄ»ÔÄ»ÔÄ»ÔÄ»ÔÄ»ÔÄ»ÔÄ»ÔÄ»


[2m Test Files [22m [2mno tests[22m
[2m      Tests [22m [2mno tests[22m
[2m     Errors [22m [1m[31m2 errors[39m[22m
[2m   Start at [22m 16:05:51
[2m   Duration [22m 1.23s[2m (transform 0ms, setup 0ms, import 0ms, tests 0ms, environment 0ms)[22m

[1m[41m FAIL [49m[22m [31mTests failed. Watching for file changes...[39m
       [2mpress [22m[1mh[22m[2m to show help[22m[2m, [22m[2mpress [22m[1mq[22m[2m to quit[22m
