
[1m[46m RUN [49m[22m [36mv4.0.18 [39m[90mC:/SaberPro/web-app[39m

ÔÄ»ÔÄ»ÔÄ»ÔÄ»ÔÄ»ÔÄ» Unhandled Errors ÔÄ»ÔÄ»ÔÄ»ÔÄ»ÔÄ»ÔÄ»

Vitest caught 1 unhandled error during the test run.
This might cause false positive tests. Resolve unhandled errors to make sure your tests are not affected.

ÔÄ»ÔÄ»ÔÄ»ÔÄ»ÔÄ»ÔÄ» Unhandled Error ÔÄ»ÔÄ»ÔÄ»ÔÄ»ÔÄ»ÔÄ»ÔÄ»
Error: [vitest-pool]: Failed to start forks worker for test files C:/SaberPro/web-app/__tests__/smoke.test.tsx.
 ÔØ» node_modules/.pnpm/vitest@4.0.18_@opentelemetr_7fdf434673748b01f90e15e8463593ff/node_modules/vitest/dist/chunks/cli-api.B7PN_QUv.js:8046:94
 ÔØ» processTicksAndRejections node:internal/process/task_queues:95:5
 ÔØ» Pool.schedule node_modules/.pnpm/vitest@4.0.18_@opentelemetr_7fdf434673748b01f90e15e8463593ff/node_modules/vitest/dist/chunks/cli-api.B7PN_QUv.js:8046:5

Caused by: Error: require() of ES Module C:\SaberPro\web-app\node_modules\.pnpm\@exodus+bytes@1.12.0\node_modules\@exodus\bytes\encoding-lite.js from C:\SaberPro\web-app\node_modules\.pnpm\html-encoding-sniffer@6.0.0\node_modules\html-encoding-sniffer\lib\html-encoding-sniffer.js not supported.
Instead change the require of encoding-lite.js in C:\SaberPro\web-app\node_modules\.pnpm\html-encoding-sniffer@6.0.0\node_modules\html-encoding-sniffer\lib\html-encoding-sniffer.js to a dynamic import() which is available in all CommonJS modules.
 ÔØ» Object.<anonymous> node_modules/.pnpm/html-encoding-sniffer@6.0.0/node_modules/html-encoding-sniffer/lib/html-encoding-sniffer.js:2:41

ÔÄ»ÔÄ»ÔÄ»ÔÄ»ÔÄ»ÔÄ»ÔÄ»ÔÄ»ÔÄ»ÔÄ»ÔÄ»ÔÄ»ÔÄ»ÔÄ»ÔÄ»ÔÄ»ÔÄ»ÔÄ»ÔÄ»ÔÄ»ÔÄ»ÔÄ»ÔÄ»ÔÄ»ÔÄ»ÔÄ»ÔÄ»ÔÄ»ÔÄ»ÔÄ»
Serialized Error: { code: 'ERR_REQUIRE_ESM' }
ÔÄ»ÔÄ»ÔÄ»ÔÄ»ÔÄ»ÔÄ»ÔÄ»ÔÄ»ÔÄ»ÔÄ»ÔÄ»ÔÄ»ÔÄ»ÔÄ»ÔÄ»ÔÄ»ÔÄ»ÔÄ»ÔÄ»ÔÄ»ÔÄ»ÔÄ»ÔÄ»ÔÄ»ÔÄ»ÔÄ»ÔÄ»ÔÄ»ÔÄ»ÔÄ»


[2m Test Files [22m [2mno tests[22m
[2m      Tests [22m [2mno tests[22m
[2m     Errors [22m [1m[31m1 error[39m[22m
[2m   Start at [22m 18:13:20
[2m   Duration [22m 389ms[2m (transform 0ms, setup 0ms, import 0ms, tests 0ms, environment 0ms)[22m

